{"commitInfo":{"timestamp":1629873175558,"operation":"WRITE","operationParameters":{"mode":"ErrorIfExists","partitionBy":"[]"},"isBlindAppend":true,"operationMetrics":{"numFiles":"1","numOutputBytes":"4156","numOutputRows":"1"}}}
{"protocol":{"minReaderVersion":1,"minWriterVersion":2}}
{"metaData":{"id":"testId","format":{"provider":"parquet","options":{}},"schemaString":"{\"type\":\"struct\",\"fields\":[{\"name\":\"c1\",\"type\":\"byte\",\"nullable\":true,\"metadata\":{}},{\"name\":\"c2\",\"type\":\"binary\",\"nullable\":true,\"metadata\":{}},{\"name\":\"c3\",\"type\":\"boolean\",\"nullable\":true,\"metadata\":{}},{\"name\":\"c4\",\"type\":\"integer\",\"nullable\":true,\"metadata\":{}},{\"name\":\"c5\",\"type\":\"long\",\"nullable\":true,\"metadata\":{}},{\"name\":\"c6\",\"type\":\"string\",\"nullable\":true,\"metadata\":{}},{\"name\":\"c7\",\"type\":\"float\",\"nullable\":true,\"metadata\":{}},{\"name\":\"c8\",\"type\":\"double\",\"nullable\":true,\"metadata\":{}},{\"name\":\"c9\",\"type\":\"short\",\"nullable\":true,\"metadata\":{}},{\"name\":\"c10\",\"type\":\"date\",\"nullable\":true,\"metadata\":{}},{\"name\":\"c11\",\"type\":\"timestamp\",\"nullable\":true,\"metadata\":{}},{\"name\":\"c12\",\"type\":\"decimal(38,18)\",\"nullable\":true,\"metadata\":{}},{\"name\":\"c13\",\"type\":{\"type\":\"array\",\"elementType\":\"string\",\"containsNull\":true},\"nullable\":true,\"metadata\":{}},{\"name\":\"c14\",\"type\":{\"type\":\"map\",\"keyType\":\"string\",\"valueType\":\"long\",\"valueContainsNull\":true},\"nullable\":true,\"metadata\":{}},{\"name\":\"c15\",\"type\":{\"type\":\"struct\",\"fields\":[{\"name\":\"f1\",\"type\":\"string\",\"nullable\":true,\"metadata\":{}},{\"name\":\"f2\",\"type\":\"long\",\"nullable\":true,\"metadata\":{}}]},\"nullable\":true,\"metadata\":{}}]}","partitionColumns":[],"configuration":{},"createdTime":1629873173115}}
{"add":{"path":"part-00000-c9259a22-ce39-45df-8d76-768bd813c3ff-c000.snappy.parquet","partitionValues":{},"size":4156,"modificationTime":1629873175000,"dataChange":true}}
