{"commitInfo":{"timestamp":1626806337545,"operation":"Manual Update","operationParameters":{},"readVersion":1,"isBlindAppend":true,"operationMetrics":{}}}
{"protocol":{"minReaderVersion":1,"minWriterVersion":3}}
{"txn":{"appId":"fakeAppId","version":3,"lastUpdated":200}}
