{"commitInfo":{"timestamp":1633728459288,"operation":"WRITE","operationParameters":{"mode":"Append","partitionBy":"[]"},"readVersion":1,"isBlindAppend":true,"operationMetrics":{"numFiles":"1","numOutputBytes":"433","numOutputRows":"1"}}}
{"add":{"path":"part-00000-c855206c-f42a-4b53-a526-08a9a957ad58-c000.snappy.parquet","partitionValues":{},"size":433,"modificationTime":1633728459000,"dataChange":true}}
