{"commitInfo":{"timestamp":1633728464667,"operation":"WRITE","operationParameters":{"mode":"Append","partitionBy":"[]"},"readVersion":9,"isBlindAppend":true,"operationMetrics":{"numFiles":"1","numOutputBytes":"303","numOutputRows":"0"}}}
{"add":{"path":"part-00000-f0b12818-15f5-4476-8ebc-9235c74408d2-c000.snappy.parquet","partitionValues":{},"size":303,"modificationTime":1633728464000,"dataChange":true}}
