{"commitInfo":{"timestamp":1633728460726,"operation":"WRITE","operationParameters":{"mode":"Append","partitionBy":"[]"},"readVersion":3,"isBlindAppend":true,"operationMetrics":{"numFiles":"1","numOutputBytes":"433","numOutputRows":"1"}}}
{"add":{"path":"part-00000-c4738537-d851-4caa-9596-d543afa47196-c000.snappy.parquet","partitionValues":{},"size":433,"modificationTime":1633728460000,"dataChange":true}}
