{"commitInfo":{"timestamp":1633728463394,"operation":"WRITE","operationParameters":{"mode":"Append","partitionBy":"[]"},"readVersion":7,"isBlindAppend":true,"operationMetrics":{"numFiles":"1","numOutputBytes":"303","numOutputRows":"0"}}}
{"add":{"path":"part-00000-93beced9-3a9d-4519-b31a-5602a972ffa4-c000.snappy.parquet","partitionValues":{},"size":303,"modificationTime":1633728463000,"dataChange":true}}
